// Jest Snapshot v1, https://goo.gl/fbAQLP

exports[`<GridSection /> should render 1`] = `
<div>
  <div
    class="sc-eCImPb gkeWtv"
  >
    <div
      class="sc-gsDKAQ kHDVIv"
    >
      <h1
        class="sc-bdvvtL vRcui"
      >
        My Grid
      </h1>
      <div
        class="sc-jRQBWg dRErZK"
      >
        Lorem ipsum dolor sit amet, consectetur adipiscing elit, sed do eiusmod tempor incididunt ut labore et dolore magna aliqua. Ut enim ad minim veniam, quis nostrud exercitation ullamco laboris nisi ut aliquip ex ea commodo consequat
      </div>
      <div
        class="sc-dkPtRN SlwUx"
      >
        <div
          class="sc-hKwDye fDTdHf"
        >
          <h3
            class="sc-bdvvtL clEbTI"
          >
            Teste 1
          </h3>
          <div
            class="sc-jRQBWg dRErZK"
          >
            Sed ut perspiciatis unde omnis iste natus error sit voluptatem accusantium doloremque laudantium, totam rem aperiam, eaque ipsa quae ab illo inventore veritatis et quasi architecto beatae vitae dicta sunt explicabo. Nemo enim ipsam voluptatem quia voluptas sit aspernatur aut odit aut fugit, sed quia consequuntur magni dolores eos qui ratione voluptatem sequi nesciunt.
          </div>
        </div>
        <div
          class="sc-hKwDye fDTdHf"
        >
          <h3
            class="sc-bdvvtL clEbTI"
          >
            Teste 2
          </h3>
          <div
            class="sc-jRQBWg dRErZK"
          >
            Sed ut perspiciatis unde omnis iste natus error sit voluptatem accusantium doloremque laudantium, totam rem aperiam, eaque ipsa quae ab illo inventore veritatis et quasi architecto beatae vitae dicta sunt explicabo. Nemo enim ipsam voluptatem quia voluptas sit aspernatur aut odit aut fugit, sed quia consequuntur magni dolores eos qui ratione voluptatem sequi nesciunt.
          </div>
        </div>
        <div
          class="sc-hKwDye fDTdHf"
        >
          <h3
            class="sc-bdvvtL clEbTI"
          >
            Teste 3
          </h3>
          <div
            class="sc-jRQBWg dRErZK"
          >
            Sed ut perspiciatis unde omnis iste natus error sit voluptatem accusantium doloremque laudantium, totam rem aperiam, eaque ipsa quae ab illo inventore veritatis et quasi architecto beatae vitae dicta sunt explicabo. Nemo enim ipsam voluptatem quia voluptas sit aspernatur aut odit aut fugit, sed quia consequuntur magni dolores eos qui ratione voluptatem sequi nesciunt.
          </div>
        </div>
      </div>
    </div>
  </div>
</div>
`;
