// Jest Snapshot v1, https://goo.gl/fbAQLP

exports[`<GridTwoColumns /> should render 1`] = `
<div>
  <div
    class="sc-jRQBWg fkdoeC"
  >
    <div
      class="sc-gsDKAQ iUXaVc"
    >
      <div
        class="sc-dkPtRN cKQdCP"
      >
        <h2
          class="sc-bdvvtL kIeIKU"
        >
          GridTwoColumns
        </h2>
        <div
          class="sc-gKclnd jqWrFg"
        >
          Lorem ipsum dolor, sit amet consectetur adipisicing elit. Dolores veniam ducimus praesentium dolore laborum hic. At, tenetur vitae necessitatibus pariatur corrupti praesentium sit perspiciatis, eveniet repellendus possimus dicta labore consequatur.
        </div>
      </div>
      <div
        class="sc-hKwDye chNkyf"
      >
        <img
          alt="Imagem"
          class="sc-eCImPb gcUvKC"
          src="assets/images/html_css_js.svg"
        />
      </div>
    </div>
  </div>
</div>
`;
