// Jest Snapshot v1, https://goo.gl/fbAQLP

exports[`<GoTop /> should render 1`] = `
<div>
  <a
    aria-label="Go to top"
    class="sc-bdvvtL xrmqA"
    href="#"
    title="Go to top"
  >
    <svg
      aria-hidden="true"
      class="StyledIconBase-ea9ulj-0 bsimgx"
      fill="currentColor"
      focusable="false"
      viewBox="0 0 24 24"
      xmlns="http://www.w3.org/2000/svg"
    >
      <rect
        fill="none"
        height="24"
        width="24"
      />
      <path
        d="M12 20c-4.41 0-8-3.59-8-8s3.59-8 8-8 8 3.59 8 8-3.59 8-8 8m0 2c5.52 0 10-4.48 10-10S17.52 2 12 2 2 6.48 2 12s4.48 10 10 10zm-1-10v4h2v-4h3l-4-4-4 4h3z"
      />
    </svg>
  </a>
</div>
`;
